[2025-12-04T20:18:26.704277200] manager1 - 系统 - 登录 - 用户登录成功
[2025-12-04T20:19:30.998280] manager1 - 系统 - 登录 - 用户登录成功
[2025-12-04T20:19:46.167738500] admin - 系统 - 登录 - 用户登录成功
[2025-12-04T20:21:05.813626500] manager1 - 系统 - 登录 - 用户登录成功
[2025-12-04T20:21:24.612524700] admin - 系统 - 登录 - 用户登录成功
[2025-12-04T20:25:44.061795200] manager1 - 系统 - 登录 - 用户登录成功
[2025-12-04T20:26:04.318163300] manager1 - 系统 - 登出 - 用户登出
[2025-12-04T20:26:13.192853600] admin - 系统 - 登录 - 用户登录成功
[2025-12-04T20:40:21.048397800] admin - 系统 - 登录 - 用户登录成功
[2025-12-04T20:58:37.904737] admin - 系统 - 登录 - 用户登录成功
[2025-12-04T20:59:20.714090600] admin - 系统 - 登出 - 用户登出
[2025-12-04T21:00:01.826794900] purchaser - 系统 - 登录 - 用户登录成功
[2025-12-04T21:00:35.746686300] purchaser - 系统 - 登出 - 用户登出
[2025-12-04T21:01:04.187207500] general - 系统 - 登录 - 用户登录成功
[2025-12-04T21:01:42.616720800] general - 系统 - 登出 - 用户登出
[2025-12-04T21:02:02.795807500] manager1 - 系统 - 登录 - 用户登录成功
[2025-12-04T21:02:08.840641500] manager1 - 系统 - 登出 - 用户登出
[2025-12-04T21:08:42.068155800] purchaser - 系统 - 登录 - 用户登录成功
[2025-12-04T21:08:47.172865] purchaser - 系统 - 登出 - 用户登出
[2025-12-04T21:11:23.751281900] purchaser - 系统 - 登录 - 用户登录成功
[2025-12-04T21:11:57.970352] purchaser - 系统 - 登出 - 用户登出
[2025-12-04T21:14:51.955902600] admin - 系统 - 登录 - 用户登录成功
[2025-12-04T21:15:11.840778] admin - 系统 - 登出 - 用户登出
[2025-12-04T21:15:23.613517200] admin - 系统 - 登录 - 用户登录成功
[2025-12-04T21:15:29.617488500] admin - 系统 - 登出 - 用户登出
[2025-12-04T21:17:28.762633500] admin - 系统 - 登录 - 用户登录成功
[2025-12-04T21:17:33.866175100] admin - 系统 - 登出 - 用户登出
[2025-12-04T21:17:48.874236800] purchaser - 系统 - 登录 - 用户登录成功
[2025-12-04T21:18:38.931946400] purchaser - 采购管理 - 创建 - 创建采购订单: PO-20251204211748, 金额: 55250.0
[2025-12-04T21:18:56.332538400] purchaser - 系统 - 登出 - 用户登出
[2025-12-04T21:19:04.008464300] general - 系统 - 登录 - 用户登录成功
[2025-12-04T21:20:08.484933400] general - 采购管理 - 审批 - 批准采购订单: PO-20251204211748
[2025-12-04T21:20:21.445611700] general - 系统 - 登出 - 用户登出
[2025-12-04T21:20:41.822720300] admin - 系统 - 登录 - 用户登录成功
[2025-12-04T21:21:13.140479700] admin - 库存管理 - 入库 - 商品入库: 联想笔记本电脑, 数量: 10
[2025-12-04T21:21:21.145567800] admin - 库存管理 - 入库 - 商品入库: 矿泉水, 数量: 1000
[2025-12-04T21:21:59.199789400] admin - 商品管理 - 删除 - 删除商品: 联想笔记本电脑
[2025-12-04T21:22:03.144444200] admin - 系统 - 登出 - 用户登出
[2025-12-04T21:23:18.329425400] admin - 系统 - 登录 - 用户登录成功
[2025-12-04T21:23:28.171726200] admin - 系统 - 登出 - 用户登出
[2025-12-04T21:34:24.317093200] manager1 - 系统 - 登录 - 用户登录成功
[2025-12-04T21:40:02.226393400] admin - 系统 - 登录 - 用户登录成功
[2025-12-04T21:40:35.224760800] admin - 系统 - 登出 - 用户登出
[2025-12-04T21:40:49.461293200] purchaser - 系统 - 登录 - 用户登录成功
[2025-12-04T21:41:02.486412] purchaser - 系统 - 登出 - 用户登出
[2025-12-04T21:41:45.952721900] purchaser - 系统 - 登录 - 用户登录成功
[2025-12-04T21:41:51.972771] purchaser - 系统 - 登出 - 用户登出
[2025-12-04T21:41:57.882424800] manager1 - 系统 - 登录 - 用户登录成功
[2025-12-04T21:42:00.288989200] manager1 - 系统 - 登出 - 用户登出
[2025-12-04T21:49:02.000318700] purchaser - 系统 - 登录 - 用户登录成功
[2025-12-04T21:49:09.558691300] purchaser - 系统 - 登出 - 用户登出
[2025-12-04T21:50:41.989500800] purchaser - 系统 - 登录 - 用户登录成功
[2025-12-04T21:50:44.491263300] purchaser - 系统 - 登出 - 用户登出
[2025-12-04T21:52:01.451328] purchaser - 系统 - 登录 - 用户登录成功
[2025-12-04T21:52:05.463313400] purchaser - 系统 - 登出 - 用户登出
[2025-12-04T21:53:45.957994800] purchaser - 系统 - 登录 - 用户登录成功
[2025-12-04T21:53:47.904659300] purchaser - 系统 - 登出 - 用户登出
[2025-12-04T21:55:51.909779700] purchaser - 系统 - 登录 - 用户登录成功
[2025-12-04T21:57:43.886229200] purchaser - 采购管理 - 创建 - 创建采购订单: PO-20251204215551, 金额: 55000.0
[2025-12-04T21:58:06.725888900] purchaser - 系统 - 登出 - 用户登出
[2025-12-04T21:58:16.568138600] general - 系统 - 登录 - 用户登录成功
[2025-12-04T21:59:00.381491200] general - 采购管理 - 审批 - 批准采购订单: PO-20251204215551
[2025-12-04T21:59:10.705939] general - 系统 - 登出 - 用户登出
[2025-12-04T21:59:30.061506400] admin - 系统 - 登录 - 用户登录成功
[2025-12-04T22:00:17.119383600] admin - 系统 - 登出 - 用户登出
[2025-12-04T22:09:17.894917600] purchaser - 系统 - 登录 - 用户登录成功
[2025-12-04T22:09:29.221113400] purchaser - 系统 - 登出 - 用户登出
[2025-12-04T22:09:35.485870100] admin - 系统 - 登录 - 用户登录成功
[2025-12-04T22:10:18.026361700] admin - 系统 - 登出 - 用户登出
[2025-12-04T22:10:25.912356800] purchaser - 系统 - 登录 - 用户登录成功
[2025-12-04T22:10:50.222412700] purchaser - 采购管理 - 创建 - 创建采购订单: PO-20251204221025, 金额: 27500.0
[2025-12-04T22:11:07.556448] purchaser - 系统 - 登出 - 用户登出
[2025-12-04T22:11:12.728363700] manager1 - 系统 - 登录 - 用户登录成功
[2025-12-04T22:11:17.645699800] manager1 - 采购管理 - 退回 - 退回采购订单: PO-20251204221025
[2025-12-04T22:11:29.702835100] manager1 - 采购管理 - 审批 - 批准采购订单: PO-20251204221025
[2025-12-04T22:11:33.402873600] manager1 - 系统 - 登出 - 用户登出
[2025-12-04T22:11:42.007440100] purchaser - 系统 - 登录 - 用户登录成功
[2025-12-04T22:12:07.512917600] purchaser - 系统 - 登出 - 用户登出
[2025-12-04T22:12:14.151726900] admin - 系统 - 登录 - 用户登录成功
[2025-12-04T22:14:08.711654400] admin - 系统 - 登出 - 用户登出
[2025-12-04T22:14:17.863207500] purchaser - 系统 - 登录 - 用户登录成功
[2025-12-04T22:15:43.620107400] purchaser - 采购管理 - 创建 - 创建采购订单: PO-20251204221417, 金额: 550000.0
[2025-12-04T22:17:31.428015600] purchaser - 系统 - 登出 - 用户登出
[2025-12-04T22:17:39.419353100] general - 系统 - 登录 - 用户登录成功
[2025-12-04T22:17:50.976845300] general - 采购管理 - 审批 - 批准采购订单: PO-20251204221417
[2025-12-04T22:17:57.154889] general - 系统 - 登出 - 用户登出
[2025-12-04T22:18:03.579130900] admin - 系统 - 登录 - 用户登录成功
[2025-12-04T23:40:17.866666800] admin - 系统 - 登录 - 用户登录成功
[2025-12-04T23:40:35.888497200] admin - 系统 - 登出 - 用户登出
[2025-12-04T23:40:43.552170100] purchaser - 系统 - 登录 - 用户登录成功
[2025-12-04T23:41:22.726391200] purchaser - 采购管理 - 创建 - 创建采购订单: PO-20251204234043, 金额: 250.0
[2025-12-04T23:41:57.050225700] purchaser - 系统 - 登出 - 用户登出
[2025-12-04T23:42:05.887690600] manager1 - 系统 - 登录 - 用户登录成功
[2025-12-04T23:42:13.517192800] manager1 - 采购管理 - 审批 - 批准采购订单: PO-20251204234043
[2025-12-04T23:42:17.096752600] manager1 - 系统 - 登出 - 用户登出
[2025-12-04T23:42:27.831635900] admin - 系统 - 登录 - 用户登录成功
[2025-12-04T23:42:46.781304700] admin - 库存管理 - 入库 - 商品入库: 联想笔记本电脑, 数量: 10
[2025-12-04T23:42:46.796304200] admin - 库存管理 - 入库 - 商品入库: 矿泉水, 数量: 100
[2025-12-04T23:42:46.805304] admin - 采购管理 - 入库 - 确认采购订单到货: PO-20251204211748
[2025-12-04T23:43:09.834339100] admin - 库存管理 - 入库 - 商品入库: 联想笔记本电脑, 数量: 100
[2025-12-04T23:43:09.842339200] admin - 采购管理 - 入库 - 确认采购订单到货: PO-20251204221417
[2025-12-04T23:44:16.312028100] admin - 库存管理 - 入库 - 商品入库: 联想笔记本电脑, 数量: 10
[2025-12-04T23:44:16.319027800] admin - 采购管理 - 入库 - 确认采购订单到货: PO-20251204215551
[2025-12-04T23:44:43.826356100] admin - 系统 - 登出 - 用户登出
[2025-12-05T00:23:06.834000600] admin - 系统 - 登录 - 用户登录成功
[2025-12-05T00:23:18.029168200] admin - 库存管理 - 入库 - 商品入库: 矿泉水, 数量: 100
[2025-12-05T00:23:18.037173800] admin - 采购管理 - 入库 - 确认采购订单到货: PO-20251204234043
[2025-12-05T00:23:36.873920300] admin - 库存管理 - 入库 - 商品入库: 联想笔记本电脑, 数量: 5
[2025-12-05T00:23:36.881919900] admin - 采购管理 - 入库 - 确认采购订单到货: PO-20251204221025
[2025-12-05T00:23:51.971239200] admin - 库存管理 - 入库 - 商品入库: 矿泉水, 数量: 100
[2025-12-05T00:23:51.978246100] admin - 采购管理 - 入库 - 确认采购订单到货: PO-20251204234043
[2025-12-05T00:24:36.067016500] admin - 库存管理 - 入库 - 商品入库: 联想笔记本电脑, 数量: 5
[2025-12-05T00:24:36.075016200] admin - 采购管理 - 入库 - 确认采购订单到货: PO-20251204221025
[2025-12-05T00:24:43.594226600] admin - 系统 - 登出 - 用户登出
[2025-12-05T00:24:51.601124100] purchaser - 系统 - 登录 - 用户登录成功
[2025-12-05T00:26:24.756110800] purchaser - 采购管理 - 创建 - 创建采购订单: PO-20251205002451, 金额: 125.0
[2025-12-05T00:26:29.241547900] purchaser - 系统 - 登出 - 用户登出
[2025-12-05T00:26:36.544493900] manager1 - 系统 - 登录 - 用户登录成功
[2025-12-05T00:26:49.127026200] manager1 - 采购管理 - 审批 - 批准采购订单: PO-20251205002451
[2025-12-05T00:27:22.084492100] manager1 - 系统 - 登出 - 用户登出
[2025-12-05T00:27:29.398209800] admin - 系统 - 登录 - 用户登录成功
[2025-12-05T00:27:45.630427900] admin - 库存管理 - 入库 - 商品入库: 矿泉水, 数量: 50
[2025-12-05T00:27:45.638420600] admin - 采购管理 - 入库 - 确认采购订单到货: PO-20251205002451
[2025-12-05T00:28:04.293456200] admin - 库存管理 - 入库 - 商品入库: 矿泉水, 数量: 50
[2025-12-05T00:28:04.301456300] admin - 采购管理 - 入库 - 确认采购订单到货: PO-20251205002451
[2025-12-05T00:36:35.674435700] admin - 系统 - 登录 - 用户登录成功
[2025-12-05T00:37:00.657159500] admin - 系统 - 登出 - 用户登出
[2025-12-05T00:37:22.182679400] purchaser - 系统 - 登录 - 用户登录成功
[2025-12-05T00:37:46.450399600] purchaser - 采购管理 - 创建 - 创建采购订单: PO-20251205003722, 金额: 55000.0
[2025-12-05T00:37:58.113840400] purchaser - 系统 - 登出 - 用户登出
[2025-12-05T00:38:10.303123400] general - 系统 - 登录 - 用户登录成功
[2025-12-05T00:38:25.364557100] general - 采购管理 - 审批 - 批准采购订单: PO-20251205003722
[2025-12-05T00:38:42.797662] general - 采购管理 - 审批 - 批准采购订单: PO-20251205003722
[2025-12-05T00:39:10.200202400] general - 系统 - 登出 - 用户登出
[2025-12-05T00:39:17.772518200] admin - 系统 - 登录 - 用户登录成功
[2025-12-05T00:39:39.385910700] admin - 库存管理 - 入库 - 商品入库: 联想笔记本电脑, 数量: 10
[2025-12-05T00:39:39.393927700] admin - 采购管理 - 入库 - 确认采购订单到货: PO-20251205003722
[2025-12-05T00:39:58.596771100] admin - 系统 - 登出 - 用户登出
[2025-12-05T00:40:06.621811600] purchaser - 系统 - 登录 - 用户登录成功
[2025-12-05T00:40:40.004276400] purchaser - 采购管理 - 创建 - 创建采购订单: PO-20251205004006, 金额: 250.0
[2025-12-05T00:40:52.220558100] purchaser - 系统 - 登出 - 用户登出
[2025-12-05T00:41:02.357690500] manager1 - 系统 - 登录 - 用户登录成功
[2025-12-05T00:41:15.186173600] manager1 - 采购管理 - 审批 - 批准采购订单: PO-20251205004006
[2025-12-05T00:41:32.804137900] manager1 - 系统 - 登出 - 用户登出
[2025-12-05T00:41:40.958712] admin - 系统 - 登录 - 用户登录成功
[2025-12-05T00:42:15.915021500] admin - 库存管理 - 入库 - 商品入库: 矿泉水, 数量: 100
[2025-12-05T00:42:15.924034100] admin - 采购管理 - 入库 - 确认采购订单到货: PO-20251205004006
[2025-12-05T00:42:29.663234100] admin - 系统 - 登出 - 用户登出
[2025-12-05T01:05:12.884735800] admin - 系统 - 登录 - 用户登录成功
[2025-12-05T01:05:33.698698700] admin - 系统 - 登出 - 用户登出
[2025-12-05T01:05:41.794672500] purchaser - 系统 - 登录 - 用户登录成功
[2025-12-05T01:06:08.441567200] purchaser - 采购管理 - 创建 - 创建采购订单: PO-20251205010541, 金额: 250.0
[2025-12-05T01:06:12.299714200] purchaser - 系统 - 登出 - 用户登出
[2025-12-05T01:06:20.043262300] manager1 - 系统 - 登录 - 用户登录成功
[2025-12-05T01:06:28.215656200] manager1 - 采购管理 - 审批 - 批准采购订单: PO-20251205010541
[2025-12-05T01:06:46.179270300] manager1 - 采购管理 - 退回 - 退回采购订单: PO-20251205010541
[2025-12-05T01:06:51.213465700] manager1 - 系统 - 登出 - 用户登出
[2025-12-05T01:07:01.871742800] purchaser - 系统 - 登录 - 用户登录成功
[2025-12-05T01:07:37.447476500] purchaser - 采购管理 - 创建 - 创建采购订单: PO-20251205010701, 金额: 250.0
[2025-12-05T01:07:41.093475400] purchaser - 系统 - 登出 - 用户登出
[2025-12-05T01:07:49.527064300] manager1 - 系统 - 登录 - 用户登录成功
[2025-12-05T01:07:53.686159800] manager1 - 采购管理 - 审批 - 批准采购订单: PO-20251205010701
[2025-12-05T01:08:02.259730600] manager1 - 系统 - 登出 - 用户登出
[2025-12-05T01:08:10.070534500] admin - 系统 - 登录 - 用户登录成功
[2025-12-05T01:08:21.844196700] admin - 库存管理 - 入库 - 商品入库: 矿泉水, 数量: 100
[2025-12-05T01:08:21.853197200] admin - 采购管理 - 入库 - 确认采购订单到货: PO-20251205010701
[2025-12-05T01:08:25.640127] admin - 库存管理 - 入库 - 商品入库: 矿泉水, 数量: 100
[2025-12-05T01:08:25.648126400] admin - 采购管理 - 入库 - 确认采购订单到货: PO-20251205010701
[2025-12-05T01:08:38.473459300] admin - 系统 - 登出 - 用户登出
[2025-12-05T01:08:46.371530300] admin - 系统 - 登录 - 用户登录成功
[2025-12-05T01:08:50.481162600] admin - 系统 - 登出 - 用户登出
[2025-12-05T01:08:57.303304900] manager1 - 系统 - 登录 - 用户登录成功
[2025-12-05T01:09:00.763740700] manager1 - 系统 - 登出 - 用户登出
[2025-12-05T01:14:42.739812200] manager1 - 系统 - 登录 - 用户登录成功
[2025-12-05T01:14:48.041546] manager1 - 系统 - 登出 - 用户登出
[2025-12-05T01:15:02.004885] purchaser - 系统 - 登录 - 用户登录成功
[2025-12-05T01:15:20.416225700] purchaser - 采购管理 - 创建 - 创建采购订单: PO-20251205011502, 金额: 250.0
[2025-12-05T01:15:23.097201600] purchaser - 系统 - 登出 - 用户登出
[2025-12-05T01:15:29.924310600] manager1 - 系统 - 登录 - 用户登录成功
[2025-12-05T01:15:42.750785400] manager1 - 系统 - 登出 - 用户登出
[2025-12-05T01:15:50.858658100] admin - 系统 - 登录 - 用户登录成功
[2025-12-05T01:16:04.586036400] admin - 系统 - 登出 - 用户登出
[2025-12-05T01:16:35.156146] manager1 - 系统 - 登录 - 用户登录成功
[2025-12-05T01:16:39.234209900] manager1 - 采购管理 - 审批 - 批准采购订单: PO-20251205011502
[2025-12-05T01:16:44.237260300] manager1 - 系统 - 登出 - 用户登出
[2025-12-05T01:16:51.251115600] admin - 系统 - 登录 - 用户登录成功
[2025-12-05T01:16:57.489276300] admin - 库存管理 - 入库 - 商品入库: 矿泉水, 数量: 100
[2025-12-05T01:16:57.498275600] admin - 采购管理 - 入库 - 确认采购订单到货: PO-20251205011502
[2025-12-05T01:17:06.067028400] admin - 系统 - 登出 - 用户登出
[2025-12-05T01:17:12.579803300] admin - 系统 - 登录 - 用户登录成功
[2025-12-05T01:17:17.453595600] admin - 系统 - 登出 - 用户登出
[2025-12-05T01:19:40.270120100] purchaser - 系统 - 登录 - 用户登录成功
[2025-12-05T01:19:55.804747300] purchaser - 采购管理 - 创建 - 创建采购订单: PO-20251205011940, 金额: 250.0
[2025-12-05T01:20:01.214161600] purchaser - 系统 - 登出 - 用户登出
[2025-12-05T01:20:07.762586] manager1 - 系统 - 登录 - 用户登录成功
[2025-12-05T01:20:16.680830700] manager1 - 采购管理 - 审批 - 批准采购订单: PO-20251205011940
[2025-12-05T01:20:20.184152500] manager1 - 系统 - 登出 - 用户登出
[2025-12-05T01:20:26.979170800] admin - 系统 - 登录 - 用户登录成功
[2025-12-05T01:20:40.560398200] admin - 库存管理 - 入库 - 商品入库: 矿泉水, 数量: 100
[2025-12-05T01:20:40.570397900] admin - 采购管理 - 入库 - 确认采购订单到货: PO-20251205011940
[2025-12-05T01:20:49.042755] admin - 系统 - 登出 - 用户登出
[2025-12-05T01:34:40.891072400] purchaser - 系统 - 登录 - 用户登录成功
[2025-12-05T01:35:04.071347500] purchaser - 采购管理 - 创建 - 创建采购订单: PO-20251205013440, 金额: 250.0
[2025-12-05T01:35:08.615639800] purchaser - 系统 - 登出 - 用户登出
[2025-12-05T01:35:16.975451500] manager1 - 系统 - 登录 - 用户登录成功
[2025-12-05T01:35:31.201730400] manager1 - 采购管理 - 审批 - 批准采购订单: PO-20251205013440
[2025-12-05T01:35:51.786354500] manager1 - 系统 - 登出 - 用户登出
[2025-12-05T01:36:04.224255600] admin - 系统 - 登录 - 用户登录成功
[2025-12-05T01:36:10.685192200] admin - 库存管理 - 入库 - 商品入库: 矿泉水, 数量: 100
[2025-12-05T01:36:10.695198700] admin - 采购管理 - 入库 - 确认采购订单到货: PO-20251205013440
[2025-12-05T01:36:14.491175700] admin - 库存管理 - 入库 - 商品入库: 矿泉水, 数量: 100
[2025-12-05T01:36:14.500175200] admin - 采购管理 - 入库 - 确认采购订单到货: PO-20251205013440
[2025-12-05T01:36:22.846271700] admin - 系统 - 登出 - 用户登出
[2025-12-05T01:36:30.159598200] admin - 系统 - 登录 - 用户登录成功
[2025-12-05T01:36:39.618660200] admin - 系统 - 登出 - 用户登出
[2025-12-05T08:43:11.624690400] admin - 系统 - 登录 - 用户登录成功
[2025-12-05T08:43:23.511411300] admin - 系统 - 登出 - 用户登出
[2025-12-05T08:43:31.768431200] purchaser - 系统 - 登录 - 用户登录成功
[2025-12-05T08:43:52.232173100] purchaser - 采购管理 - 创建 - 创建采购订单: PO-20251205084331, 金额: 250.0
[2025-12-05T08:43:56.221262200] purchaser - 系统 - 登出 - 用户登出
[2025-12-05T08:44:05.311385400] manager1 - 系统 - 登录 - 用户登录成功
[2025-12-05T08:44:17.151490] manager1 - 采购管理 - 审批 - 批准采购订单: PO-20251205084331
[2025-12-05T08:44:20.614582500] manager1 - 系统 - 登出 - 用户登出
[2025-12-05T08:44:27.828269200] admin - 系统 - 登录 - 用户登录成功
[2025-12-05T08:44:33.671862600] admin - 库存管理 - 入库 - 商品入库: 矿泉水, 数量: 100
[2025-12-05T08:44:33.681862100] admin - 采购管理 - 入库 - 确认采购订单到货: PO-20251205084331
[2025-12-05T08:44:38.651845800] admin - 系统 - 登出 - 用户登出
[2025-12-05T09:07:15.554479400] purchaser - 系统 - 登录 - 用户登录成功
[2025-12-05T09:07:44.139630400] purchaser - 采购管理 - 创建 - 创建采购订单: PO-20251205090715, 金额: 250.0
[2025-12-05T09:07:58.930819700] purchaser - 系统 - 登出 - 用户登出
[2025-12-05T09:08:04.655041100] manager1 - 系统 - 登录 - 用户登录成功
[2025-12-05T09:08:18.326937900] manager1 - 采购管理 - 审批 - 批准采购订单: PO-20251205090715
[2025-12-05T09:08:33.568164300] manager1 - 采购管理 - 审批 - 批准采购订单: PO-20251205090715
[2025-12-05T09:08:36.771879600] manager1 - 系统 - 登出 - 用户登出
[2025-12-05T09:08:43.328348200] admin - 系统 - 登录 - 用户登录成功
[2025-12-05T09:08:52.388034300] admin - 库存管理 - 入库 - 商品入库: 矿泉水, 数量: 100
[2025-12-05T09:08:52.398135800] admin - 采购管理 - 入库 - 确认采购订单到货: PO-20251205090715
[2025-12-05T09:09:02.385099900] admin - 系统 - 登出 - 用户登出
[2025-12-05T09:09:10.151270200] admin - 系统 - 登录 - 用户登录成功
[2025-12-05T09:10:00.395878100] admin - 系统 - 登出 - 用户登出
[2025-12-05T09:10:06.010932700] purchaser - 系统 - 登录 - 用户登录成功
[2025-12-05T09:12:21.547684600] purchaser - 系统 - 登出 - 用户登出
[2025-12-05T09:12:27.862116700] admin - 系统 - 登录 - 用户登录成功
[2025-12-05T09:12:47.251242700] admin - 系统 - 登出 - 用户登出
[2025-12-05T10:09:20.320809300] admin - 系统 - 登录 - 用户登录成功
[2025-12-05T10:09:34.734366100] admin - 系统 - 登出 - 用户登出
[2025-12-05T10:09:41.976474800] purchaser - 系统 - 登录 - 用户登录成功
[2025-12-05T10:09:58.005163700] purchaser - 采购管理 - 创建 - 创建采购订单: PO-20251205100942, 金额: 250.0
[2025-12-05T10:10:01.427960500] purchaser - 系统 - 登出 - 用户登出
[2025-12-05T10:10:08.139032800] manager1 - 系统 - 登录 - 用户登录成功
[2025-12-05T10:10:16.690190] manager1 - 采购管理 - 审批 - 批准采购订单: PO-20251205100942
[2025-12-05T10:10:19.965595] manager1 - 系统 - 登出 - 用户登出
[2025-12-05T10:26:17.468604] purchaser - 系统 - 登录 - 用户登录成功
[2025-12-05T10:26:22.082660100] purchaser - 系统 - 登出 - 用户登出
[2025-12-05T10:26:28.615398100] admin - 系统 - 登录 - 用户登录成功
[2025-12-05T10:26:34.411620200] admin - 系统 - 登出 - 用户登出
[2025-12-05T10:58:31.603558500] admin - 系统 - 登录 - 用户登录成功
[2025-12-05T10:58:41.429399500] admin - 系统 - 登出 - 用户登出
